[i999bet.net/index.html]
[backblue.gif]
[fade.gif]
[index.html]
[i999bet.net/wp-content/themes/flatsome/assets/css/icons/fl-icons.eot]
[dubai86.com/wp-content/uploads/2022/02/dang-ky-dubai.gif]
[i999bet.net/wp-content/cache/min/1/5f7b93e3fc3a803a4b6b5bd4103e24e7.css]
[i999bet.net/wp-content/plugins/wp-rocket/assets/img/youtube.png]
[i999bet.net/wp-includes/js/jquery/jquery.minaf6c.js]
[i999bet.net/feed/index.html]
[i999bet.net/comments/feed/index.html]
[i999bet.net/wp-json/index.html]
[i999bet.net/wp-json/wp/v2/pages/20.json]
[i999bet.net/xmlrpc0db0.php]
[i999bet.net/wp-includes/wlwmanifest.xml]
[i999bet.net/wp-content/uploads/2022/05/i999-1.ico]
[i999bet.net/wp-content/uploads/2022/05/logo-2.png]
[i999bet.net/wp-content/uploads/2022/02/270e88cc-85fe-4571-bd11-5260de464069-1024x352.jpg]
[i999bet.net/dang-ky/index.html]
[i999bet.net/rut-tien/index.html]
[i999bet.net/wp-content/uploads/2022/02/9c1ebe79-44c8-4f7f-b6fa-a658884e6f74-1024x352.jpg]
[i999bet.net/dang-ky/tai-app-i999/index.html]
[i999bet.net/nap-tien/index.html]
[i999bet.net/xo-so/index.html]
[i999bet.net/wp-content/uploads/2022/02/f0d30521-ff3b-442a-9273-a8c332720398-1024x352.jpg]
[i999bet.net/wp-content/uploads/2022/02/d4c58bf1-ce40-40b0-82d0-8e9c49371f21-1024x352.png]
[i999bet.net/the-thao/index.html]
[i999bet.net/i999-casino/index.html]
[i999bet.net/wp-content/uploads/2022/02/b2800902-fddb-4d02-9b5b-8597498634eb-1024x352.jpg]
[i999bet.net/i999-casino/baccarat/index.html]
[i999bet.net/i999-casino/blackjack/index.html]
[i999bet.net/wp-content/uploads/2022/02/c36e2478-f8a3-45a7-aa07-c86fcb9939e9-1024x352.png]
[i999bet.net/i999-casino/keno/index.html]
[i999bet.net/i999-casino/slots-game/index.html]
[i999bet.net/i999-casino/poker/index.html]
[i999bet.net/wp-content/uploads/2022/02/搜狗截图20220221051625-300x159.png]
[i999bet.net/category/tin-tuc/index.html]
[dubai86.com/wp-content/uploads/2022/01/dubai-palace-2_result.jpg]
[i999bet.net/gioi-thieu/index.html]
[dubai86.com/wp-content/uploads/2022/01/dubai-palace-4_result.jpg]
[i999bet.net/lien-he/index.html]
[dubai86.com/wp-content/uploads/2022/01/dubai-palace-6_result.jpg]
[i999bet.net/gioi-thieu/dieu-khoan-su-dung/index.html]
[dubai86.com/wp-content/uploads/2022/01/dubai-palace-5_result-1.jpg]
[i999bet.net/gioi-thieu/chinh-sach-bao-mat/index.html]
[i999bet.net/gioi-thieu/trach-nhiem-nguoi-choi/index.html]
[i999bet.net/wp-content/uploads/2022/02/搜狗截图20220221052243-300x158.png]
[i999bet.net/wp-content/uploads/2022/02/搜狗截图20220221052353-300x159.png]
[i999bet.net/wp-content/uploads/2022/02/搜狗截图20220221052517-300x159.png]
[i999bet.net/wp-content/uploads/2022/02/搜狗截图20220221052748-300x159.png]
[i999bet.net/wp-content/plugins/wp-rocket/assets/js/lazyload/16.1/lazyload.min.js]
[i999bet.net/index.html]
[i999bet.net/xmlrpc.php]
[i999bet.net/wp-content/cache/min/1/5f7b93e3fc3a803a4b6b5bd4103e24e7.css]
[i999bet.net/wp-content/cache/min/1/d4fb2fc439d57c2759c4b4c78e051247.js]
[i999bet.net/lost-password/index.html]
[i999bet.net/wp-json/wp/v2/pages/29.json]
[i999bet.net/wp-content/uploads/2022/02/搜狗截图20220221040835-300x152.png]
[i999bet.net/wp-content/uploads/2022/02/搜狗截图20220221040640-135x300.png]
[dubai86.com/wp-content/uploads/2022/01/Huong-dan-dang-ky-dang-nhap-Dubai-Palace-3.jpg]
[i999bet.net/wp-content/uploads/2022/02/搜狗截图20220221040022-300x134.png]
[i999bet.net/dang-ky/index.html]
[dubai86.com/wp-content/uploads/2022/01/huong-dan-tai-app-Dubai-Casino-1.jpg]
[i999bet.net/wp-json/wp/v2/pages/35.json]
[dubai86.com/wp-content/uploads/2022/01/huong-dan-tai-app-Dubai-Casino-2.jpg]
[dubai86.com/wp-content/uploads/2022/01/huong-dan-tai-app-Dubai-Casino-3.jpg]
[dubai86.com/wp-content/uploads/2022/01/huong-dan-tai-app-Dubai-Casino-4.png]
[i999bet.net/dang-ky/tai-app-i999/index.html]
[i999bet.net/wp-content/uploads/2022/04/Huong-dan-nap-rut-dubai-palace-300x138.png]
[i999bet.net/wp-json/wp/v2/pages/22.json]
[i999bet.net/wp-content/uploads/2022/04/Huong-dan-nap-rut-dubai-palace-2-300x138.jpg]
[i999bet.net/wp-content/uploads/2022/04/Huong-dan-nap-rut-dubai-palace-3-300x136.jpg]
[i999bet.net/nap-tien/index.html]
[i999bet.net/wp-content/uploads/2022/04/Huong-dan-nap-rut-dubai-palace-4-300x151.jpg]
[i999bet.net/wp-json/wp/v2/pages/24.json]
[i999bet.net/rut-tien/index.html]
[i999bet.net/wp-content/uploads/2022/02/kqxs2-4-6_jssz_qtwg-300x208.jpg]
[i999bet.net/wp-json/wp/v2/pages/26.json]
[i999bet.net/wp-content/uploads/2022/02/lo-de-3-300x191.jpg]
[i999bet.net/wp-content/uploads/2022/02/imager_1_27979_600-300x179.png]
[i999bet.net/wp-content/uploads/2022/02/cach-choi-lo-de-mien-bac-300x200.jpg]
[i999bet.net/wp-content/uploads/2022/02/Om-bang-lo-de-1-300x212.png]
[i999bet.net/xo-so/index.html]
[dubai86.com/wp-content/uploads/2022/02/the-thao.png]
[i999bet.net/wp-json/wp/v2/pages/31.json]
[dubai86.com/wp-content/uploads/2022/02/the-thao-mobi.png]
[i999bet.net/wp-content/uploads/2022/04/The-thao-Dubai-Palace-3-300x142.jpg]
[dubai86.com/wp-content/uploads/2022/02/Screenshot_2.png]
[i999bet.net/the-thao/index.html]
[i999bet.net/wp-content/uploads/2022/04/twin68-768x355-1-300x139.jpg]
[i999bet.net/wp-json/wp/v2/pages/40.json]
[i999bet.net/wp-content/uploads/2022/04/game-no-hu-768x434-1-300x170.jpg]
[i999bet.net/wp-content/uploads/2022/04/screen-1-768x480-1-300x188.jpg]
[i999bet.net/wp-content/uploads/2022/04/cach-choi-gane-xoc-dia-768x470-1-300x184.jpg]
[i999bet.net/i999-casino/index.html]
[i999bet.net/wp-content/uploads/2022/02/baccarat-game-bai-3-la-khuay-dao-casino-hinh-1-300x211.jpg]
[i999bet.net/wp-json/wp/v2/pages/43.json]
[i999bet.net/wp-content/uploads/2022/02/game-bai-baccarat-dat-cuoc-la-an-ngay-300x216.png]
[i999bet.net/wp-content/uploads/2022/02/the-nao-la-game-bai-baccarat-300x133.jpg]
[i999bet.net/wp-content/uploads/2022/02/cach-choi-Baccarat-300x167.jpg]
[i999bet.net/wp-content/uploads/2022/02/huong-dan-cach-kiem-boi-tien-voi-game-bai-baccarat-hinh-1-300x199.jpg]
[i999bet.net/i999-casino/baccarat/index.html]
[qh88.vin/wp-content/uploads/2022/02/blackjack-486.jpg]
[i999bet.net/wp-json/wp/v2/pages/45.json]
[qh88.vin/wp-content/uploads/2022/02/blackjack-486-2.jpg]
[i999bet.net/i999-casino/blackjack/index.html]
[i999bet.net/wp-content/uploads/2022/02/game-keno-1_5_11zon_result-300x225.jpg]
[i999bet.net/wp-json/wp/v2/pages/47.json]
[i999bet.net/wp-content/uploads/2022/02/搜狗截图20220220233937-300x185.png]
[i999bet.net/wp-content/uploads/2022/02/搜狗截图20220220234135-300x224.png]
[i999bet.net/wp-content/uploads/2022/02/keno-18-300x211.jpg]
[i999bet.net/wp-content/uploads/2022/02/Chia-se-cac-kieu-cuoc-trong-game-Keno-ma-ban-chua-biet-1-300x169.jpg]
[i999bet.net/i999-casino/keno/index.html]
[qh88.vin/wp-content/uploads/2022/02/slots-game-501.jpg]
[i999bet.net/wp-json/wp/v2/pages/51.json]
[i999bet.net/i999-casino/slots-game/index.html]
[i999bet.net/wp-content/uploads/2022/02/poker-texas-hold-em-300x200.jpg]
[i999bet.net/wp-json/wp/v2/pages/49.json]
[i999bet.net/wp-content/uploads/2022/02/搜狗截图20220221060034-300x300.png]
[i999bet.net/wp-content/uploads/2022/02/GettyImages-136206865-300x202.jpg]
[i999bet.net/wp-content/uploads/2022/02/texas-holdem-poker-300x165.jpg]
[i999bet.net/i999-casino/poker/index.html]
[i999bet.net/category/tin-tuc/page/2/index.html]
[i999bet.net/category/tin-tuc/feed/index.html]
[i999bet.net/wp-json/wp/v2/categories/1.json]
[i999bet.net/category/tin-tuc/index.html]
[i999bet.net/ku711/index.html]
[i999bet.net/author/ys0012/index.html]
[i999bet.net/bigbom/index.html]
[i999bet.net/da-ga-thomo/index.html]
[i999bet.net/nbet/index.html]
[i999bet.net/wp-content/uploads/2022/02/mot-so-nha-cai-casino-uy-tin-tren-thi-truong-nha-cai-nbet-chuyen-casino-game-bai-uy-tin-so-1-viet-nam-300x200.jpg]
[i999bet.net/nha-cai-dabet/index.html]
[i999bet.net/vn138/index.html]
[i999bet.net/v9bet/index.html]
[i999bet.net/dubai-casino/index.html]
[i999bet.net/mega-6-45-1-phut/index.html]
[i999bet.net/soi-cau-lo-mien-bac/index.html]
[i999bet.net/category/tin-tuc/page/3/index.html]
[i999bet.net/category/tin-tuc/page/4/index.html]
[i999bet.net/category/tin-tuc/page/7/index.html]
[i999bet.net/wp-json/wp/v2/pages/53.json]
[i999bet.net/wp-content/uploads/2022/02/nha-cai-la-gi-1024x576-1-768x432-1-300x169.jpg]
[i999bet.net/wp-content/uploads/2022/02/tai-game-tai-xiu-300x175.jpg]
[i999bet.net/gioi-thieu/index.html]
[i999bet.net/wp-json/wp/v2/pages/61.json]
[i999bet.net/lien-he/index.html]
[i999bet.net/wp-json/wp/v2/pages/55.json]
[i999bet.net/gioi-thieu/chinh-sach-bao-mat/index.html]
[i999bet.net/wp-json/wp/v2/pages/57.json]
[i999bet.net/gioi-thieu/dieu-khoan-su-dung/index.html]
[i999bet.net/wp-json/wp/v2/pages/59.json]
[i999bet.net/gioi-thieu/trach-nhiem-nguoi-choi/index.html]
[i999bet.net/casino/index.html]
[i999bet.net/casino/blackjack/index.html]
[i999bet.net/casino/poker/index.html]
[i999bet.net/casino/baccarat/index.html]
[i999bet.net/lost-password/index.html]
[i999bet.net/index9cd7.html]
[i999bet.net/index5c90.html]
[i999bet.net/index0345.html]
[i999bet.net/index2cf9.html]
[i999bet.net/index88b9.html]
[i999bet.net/indexc7e3.html]
[i999bet.net/index3ba0.html]
[i999bet.net/index4170.html]
[i999bet.net/index5e74.html]
[i999bet.net/casino/keno/index.html]
[i999bet.net/indexcb30.html]
[i999bet.net/index8cf7.html]
[i999bet.net/index0012.html]
[i999bet.net/category/tin-tuc/page/2/index.html]
[qh88.vin/wp-content/uploads/2022/02/blackjack-486-1.jpg]
[qh88.vin/wp-content/uploads/2022/02/slots-game-501-1.jpg]
[i999bet.net/fabet/index.html]
[i999bet.net/nha-cai-bk8/index.html]
[i999bet.net/ban-ca-doi-thuong-qh88/index.html]
[i999bet.net/link-vao-nha-cai-i999/index.html]
[i999bet.net/soi-cau-xsmb-dk8/index.html]
[i999bet.net/wp-content/uploads/2022/05/ku711-300x150.jpg]
[i999bet.net/game-baccarat-vt999/index.html]
[i999bet.net/game-tai-xiu-vt999-huong-dan-va-nhung-thong-tin-khi-choi-tai-xiu-vt999/index.html]
[i999bet.net/game-rong-ho-vt999/index.html]
[i999bet.net/soi-cau-xsmb-b29-kinh-nghiem-soi-cau-xo-so-mien-bac-ti-le-thang-90/index.html]
[i999bet.net/soi-cau-xsmb/index.html]
[i999bet.net/category/tin-tuc/page/5/index.html]
[i999bet.net/ku711/feed/index.html]
[i999bet.net/wp-json/wp/v2/posts/931.json]
[i999bet.net/wp-content/uploads/2022/05/ku711-1-300x191.jpg]
[i999bet.net/wp-content/uploads/2022/05/ku711-2-300x147.jpg]
[i999bet.net/ku711/index.html]
[i999bet.net/wp-content/cache/min/1/0b2eb4fd7c0b5de839c187def5635dce.js]
[i999bet.net/author/ys0012/page/2/index.html]
[i999bet.net/author/ys0012/feed/index.html]
[i999bet.net/wp-json/wp/v2/users/1.json]
[i999bet.net/author/ys0012/index.html]
[i999bet.net/author/ys0012/page/4/index.html]
[i999bet.net/author/ys0012/page/7/index.html]
[i999bet.net/author/ys0012/page/3/index.html]
[i999bet.net/wp-content/uploads/2022/05/bigbom-1-300x180.jpg]
[i999bet.net/bigbom/feed/index.html]
[i999bet.net/wp-json/wp/v2/posts/925.json]
[i999bet.net/wp-content/uploads/2022/05/bigbom-2-300x180.jpg]
[i999bet.net/wp-content/uploads/2022/05/bigbom-300x180.jpg]
[i999bet.net/bigbom/index.html]
[i999bet.net/wp-content/uploads/2022/05/da-ga-1-300x180.jpg]
[i999bet.net/da-ga-thomo/feed/index.html]
[i999bet.net/wp-json/wp/v2/posts/899.json]
[i999bet.net/wp-content/uploads/2022/05/da-ga-2--300x180.jpg]
[i999bet.net/wp-content/uploads/2022/05/da-ga-3--300x180.jpg]
[i999bet.net/wp-content/uploads/2022/05/da-ga-4-300x180.jpg]
[i999bet.net/da-ga-thomo/index.html]
[i999bet.net/wp-content/uploads/2022/05/nbet-1-1-300x150.jpg]
[i999bet.net/nbet/feed/index.html]
[i999bet.net/wp-json/wp/v2/posts/892.json]
[i999bet.net/wp-content/uploads/2022/05/nbet-2-1-300x150.jpg]
[i999bet.net/wp-content/uploads/2022/05/nbet-3-1-300x150.jpg]
[i999bet.net/wp-content/uploads/2022/05/nbet-4-1-300x150.jpg]
[i999bet.net/wp-content/uploads/2022/05/nbet-5-1-300x150.jpg]
[i999bet.net/wp-content/uploads/2022/05/nbet-6-1-300x150.jpg]
[i999bet.net/nbet/index.html]
[i999bet.net/wp-content/uploads/2022/05/dabet-1-300x150.jpg]
[i999bet.net/nha-cai-dabet/feed/index.html]
[i999bet.net/wp-json/wp/v2/posts/880.json]
[i999bet.net/wp-content/uploads/2022/05/dabet-6-300x150.jpg]
[i999bet.net/wp-content/uploads/2022/05/dabet-2-300x150.jpg]
[i999bet.net/wp-content/uploads/2022/05/dabet-3-300x150.jpg]
[i999bet.net/wp-content/uploads/2022/05/dabet-4-300x150.jpg]
[i999bet.net/wp-content/uploads/2022/05/dabet-5-300x150.jpg]
[i999bet.net/nha-cai-dabet/index.html]
[i999bet.net/wp-content/uploads/2022/04/the-thao-vn138-300x180.jpg]
[i999bet.net/vn138/feed/index.html]
[i999bet.net/wp-json/wp/v2/posts/873.json]
[i999bet.net/wp-content/uploads/2022/04/ban-ca-vn138-300x180.jpg]
[i999bet.net/wp-content/uploads/2022/04/dang-ki-vn138-300x180.jpg]
[i999bet.net/vn138/index.html]
[i999bet.net/wp-content/uploads/2022/04/Chuong-trinh-uu-dai-khuyen-mai-tai-nha-cai-v9bet-300x180.jpg]
[i999bet.net/v9bet/feed/index.html]
[i999bet.net/wp-json/wp/v2/posts/865.json]
[i999bet.net/wp-content/uploads/2022/04/Mot-so-thong-tin-khai-quat-ve-nha-cai-v9bet-300x180.jpg]
[i999bet.net/wp-content/uploads/2022/04/The-loai-game-bai-doi-thuong-sieu-hay-tai-nha-cai-v9bet-300x180.jpg]
[i999bet.net/v9bet/index.html]
[i999bet.net/wp-content/uploads/2022/04/dubai-casino-1-300x180.jpg]
[i999bet.net/dubai-casino/feed/index.html]
[i999bet.net/wp-json/wp/v2/posts/856.json]
[i999bet.net/wp-content/uploads/2022/04/dubai-casino-2-300x180.jpg]
[i999bet.net/wp-content/uploads/2022/04/dubai-casino-3-300x180.jpg]
[i999bet.net/wp-content/uploads/2022/04/dubai-casino-4-300x180.jpg]
[i999bet.net/dubai-casino/index.html]
[xososieutoc.org/wp-content/uploads/2022/04/mega-1-phut.jpg]
[i999bet.net/mega-6-45-1-phut/feed/index.html]
[i999bet.net/wp-json/wp/v2/posts/850.json]
[i999bet.net/mega-6-45-1-phut/index.html]
[i999bet.net/wp-content/uploads/2022/04/soi-cau-lo-mien-bac-cuc-chuan-300x172.jpg]
[i999bet.net/soi-cau-lo-mien-bac/feed/index.html]
[i999bet.net/wp-json/wp/v2/posts/843.json]
[i999bet.net/wp-content/uploads/2022/04/soi-cau-lo-dang-tam-giac-cuc-chuan-300x159.jpg]
[i999bet.net/wp-content/uploads/2022/04/phuong-phap-dang-qua-tram-291x300.jpg]
[i999bet.net/soi-cau-lo-mien-bac/index.html]
[i999bet.net/category/tin-tuc/page/3/index.html]
[i999bet.net/category/tin-tuc/page/4/index.html]
[i999bet.net/sicbo-bk8/index.html]
[i999bet.net/dan-de-hom-nay/index.html]
[i999bet.net/category/tin-tuc/page/7/index.html]
[i999bet.net/ban-ca-sv88/index.html]
[i999bet.net/tai-app-w88/index.html]
[i999bet.net/index5fb3.html]
[i999bet.net/the-thao-jbo/index.html]
[i999bet.net/k188/index.html]
[i999bet.net/index094d.html]
[i999bet.net/cach-xoa-tai-khoan-ku/index.html]
[i999bet.net/game-xoc-dia-doi-thuong-k188/index.html]
[i999bet.net/index8054.html]
[i999bet.net/game-baccarat-qh88-gioi-thieu-chi-tiet-ve-game-baccarat-hot-nhat-2022/index.html]
[i999bet.net/game-baccarat-red88-chia-se-nhung-meo-dinh-vao-tien-hieu-qua-nhat/index.html]
[i999bet.net/index9787.html]
[i999bet.net/category/tin-tuc/page/6/index.html]
[i999bet.net/game-rong-ho-red88-huong-dan-cach-choi-don-gian-va-de-hieu-nhat/index.html]
[i999bet.net/index1098.html]
[i999bet.net/game-rong-ho-bmwbet-duoc-nhieu-nguoi-yeu-thich-nhat-2022/index.html]
[i999bet.net/game-baccarat-f8bet-co-hot-ma-hap-dan-nguoi-choi-den-vay/index.html]
[i999bet.net/benvip-tong-hop-link-truy-cap-nha-cai-benvip-moi-nhat-nam-2022/index.html]
[i999bet.net/game-tai-xiu-b29-choi-game-cuc-de-kiem-tien-cuc-nhanh-nam-2022/index.html]
[i999bet.net/huong-dan-choi-poker/index.html]
[i999bet.net/nha-cai-b29-tong-hop-link-vao-nha-cai-b29-moi-nhat-2022/index.html]
[i999bet.net/wp-content/uploads/2022/04/fabet-1-1-300x158.jpg]
[i999bet.net/game-bau-cua-tom-ca-online-zm88-va-nhung-thong-tin-can-biet/index.html]
[i999bet.net/kc6-link-vao-nha-cai-kc6-khong-bi-chan-moi-nhat-2022/index.html]
[i999bet.net/game-phom-online-zm88-huong-dan-chi-tiet-va-nhung-thong-tin-can-biet/index.html]
[i999bet.net/game-baccarat-i999-va-nhung-huong-dan-choi-moi-nhat/index.html]
[i999bet.net/game-xoc-dia-doi-thuong-i999-tuyet-dinh-cuoc-thu-nao-cung-nen-kham-pha/index.html]
[i999bet.net/huong-dan-choi-poker-i999-don-gian-nhat/index.html]
[i999bet.net/game-bau-cua-tom-ca-i999-nha-cai-uy-tin-so-1-viet-nam/index.html]
[i999bet.net/game-phom-online-i999-nhung-kinh-nghiem-ma-nguoi-choi-nen-biet/index.html]
[i999bet.net/nhung-dieu-ban-can-biet-khi-choi-game-keno-fm88/index.html]
[i999bet.net/game-no-hu-i999-tro-choi-dem-ve-giai-thuong-cuc-lon/index.html]
[i999bet.net/game-ban-ca-doi-thuong-i999-huong-dan-choi-tu-a-z/index.html]
[i999bet.net/fabet/feed/index.html]
[i999bet.net/game-da-ga-i999-huong-dan-cach-choi-chuan-nhat-de-anh-em-vao-bo/index.html]
[i999bet.net/wp-json/wp/v2/posts/812.json]
[i999bet.net/wp-content/uploads/2022/04/fabet-2-1-300x130.jpg]
[i999bet.net/wp-content/uploads/2022/04/fabet-3-1-300x166.jpg]
[i999bet.net/fabet/index.html]
[qh88z.com/wp-content/uploads/2022/04/danh-gia-nha-cai-bk8-lua-dao-hay-uy-tin-2021-300x188.jpg]
[i999bet.net/nha-cai-bk8/feed/index.html]
[i999bet.net/wp-json/wp/v2/posts/792.json]
[qh88z.com/wp-content/uploads/2022/04/nha-cai-bk8-300x138.png]
[qh88z.com/wp-content/uploads/2022/04/BK8-congdongfifa-1-300x169.jpg]
[qh88z.com/wp-content/uploads/2022/04/BK8-congdongfifa-1-1-300x169.jpg]
[qh88z.com/wp-content/uploads/2022/04/bk8-1-300x147.jpg]
[qh88z.com/wp-content/uploads/2022/04/BK8-co-uy-tin-khong-1-300x188.jpg]
[i999bet.net/nha-cai-bk8/index.html]
[i999bet.net/wp-content/uploads/2022/04/QH88-duoc-nhieu-nguoi-choi-quan-tam-va-lua-chon-tren-thi-truong-game-bai-doi-thuong-300x169.jpg]
[i999bet.net/ban-ca-doi-thuong-qh88/feed/index.html]
[i999bet.net/wp-json/wp/v2/posts/781.json]
[i999bet.net/wp-content/uploads/2022/04/bancamayman-club-300x300.jpg]
[i999bet.net/wp-content/uploads/2022/04/30f9e568619695c8cc87-1020x570-1-300x168.jpg]
[i999bet.net/wp-content/uploads/2022/04/ca-voi-xanh-66685-300x171.jpg]
[i999bet.net/wp-content/uploads/2022/04/game-ban-ca-la-gi-2-300x169.jpg]
[i999bet.net/ban-ca-doi-thuong-qh88/index.html]
[i999bet.net/wp-content/uploads/2022/04/i999-300x137.png]
[i999bet.net/link-vao-nha-cai-i999/feed/index.html]
[i999bet.net/wp-json/wp/v2/posts/743.json]
[i999bet.net/wp-content/uploads/2022/04/kho-game-bai-nha-cai-300x169.png]
[i999bet.net/wp-content/uploads/2022/04/slot-game-nha-cai-300x85.png]
[i999bet.net/wp-content/uploads/2022/04/the-thao-i999-300x86.png]
[i999bet.net/link-vao-nha-cai-i999/index.html]
[i999bet.net/wp-content/uploads/2022/04/2d41f67f0a6d4712bee8d654747c0a9a-300x225.jpg]
[i999bet.net/soi-cau-xsmb-dk8/feed/index.html]
[i999bet.net/wp-json/wp/v2/posts/736.json]
[i999bet.net/wp-content/uploads/2022/04/lo-de-la-gi-1-300x200.jpg]
[i999bet.net/wp-content/uploads/2022/04/cach-choi-lo-de-mien-Bac-1-300x201.png]
[i999bet.net/soi-cau-xsmb-dk8/index.html]
[i999bet.net/wp-content/uploads/2022/04/image2-300x200.jpg]
[i999bet.net/game-rong-ho-vt999/feed/index.html]
[i999bet.net/wp-json/wp/v2/posts/719.json]
[i999bet.net/game-rong-ho-vt999.html]
[i999bet.net/wp-content/uploads/2022/04/imager_4147-300x193.png]
[i999bet.net/wp-content/uploads/2022/04/gioi-thieu-nha-cai-vt999-uy-tin-1-300x145.jpg]
[i999bet.net/wp-content/uploads/2022/04/tai-app-08-260x300.png]
[i999bet.net/wp-content/uploads/2022/04/tai-app-09-285x300.png]
[i999bet.net/wp-content/uploads/2022/04/banner-vt999-300x105.png]
[i999bet.net/game-rong-ho-vt999/index.html]
[i999bet.net/wp-content/uploads/2022/04/cach-choi-baccarat-1-300x194.jpg]
[i999bet.net/game-baccarat-vt999/feed/index.html]
[i999bet.net/wp-json/wp/v2/posts/712.json]
[i999bet.net/game-baccarat-vt999.html]
[i999bet.net/wp-content/uploads/2022/04/Screenshot_10-min-300x173.png]
[i999bet.net/wp-content/uploads/2022/04/th.jpg]
[i999bet.net/wp-content/uploads/2022/04/gioi-thieu-nha-cai-vt999-uy-tin-300x145.jpg]
[i999bet.net/game-baccarat-vt999/index.html]
[i999bet.net/wp-content/uploads/2022/04/tai-tai-xiu-300x181.jpg]
[i999bet.net/game-tai-xiu-vt999-huong-dan-va-nhung-thong-tin-khi-choi-tai-xiu-vt999/feed/index.html]
[i999bet.net/wp-json/wp/v2/posts/703.json]
[i999bet.net/wp-content/uploads/2022/04/keo-tai-xiu-la-gi-1-300x199.png]
[i999bet.net/wp-content/uploads/2022/04/cac-san-pham-tro-choi-tai-vt999-300x90.jpg]
[i999bet.net/wp-content/uploads/2022/04/keo-tai-xiu-5-1536x864-1-300x169.jpg]
[i999bet.net/wp-content/uploads/2022/04/tai-xiu-1-300x223.jpg]
[i999bet.net/game-tai-xiu-vt999-huong-dan-va-nhung-thong-tin-khi-choi-tai-xiu-vt999/index.html]
[i999bet.net/wp-content/uploads/2022/04/soi-cau-de-theo-con-giap-1-300x169.jpg]
[i999bet.net/soi-cau-xsmb-b29-kinh-nghiem-soi-cau-xo-so-mien-bac-ti-le-thang-90/feed/index.html]
[i999bet.net/wp-json/wp/v2/posts/694.json]
[i999bet.net/wp-content/uploads/2022/04/cach-bat-lo-giai-dac-biet-theo-soi-cau-tam-giac-300x189.jpg]
[i999bet.net/wp-content/uploads/2022/04/imager_2_39372_700-300x226.jpg]
[i999bet.net/wp-content/uploads/2022/04/cach-bat-cham-de-chuan-hang-ngay-5-300x169.jpg]
[i999bet.net/wp-content/uploads/2022/04/cach-bat-cham-de-chuan-hang-ngay-2-300x226.jpg]
[i999bet.net/soi-cau-xsmb-b29-kinh-nghiem-soi-cau-xo-so-mien-bac-ti-le-thang-90/index.html]
[i999bet.net/wp-content/uploads/2022/04/soi-cau-la-gi-300x183.jpg]
[i999bet.net/soi-cau-xsmb/feed/index.html]
[i999bet.net/wp-json/wp/v2/posts/688.json]
[i999bet.net/soi-cau-xsmb.html]
[i999bet.net/wp-content/uploads/2022/04/soi-cau-xsmb-300x169.jpg]
[i999bet.net/wp-content/uploads/2022/04/cau-lat-lien-tuc-2-300x164.jpg]
[i999bet.net/soi-cau-xsmb/index.html]
[i999bet.net/category/tin-tuc/page/1/index.html]
[i999bet.net/category/tin-tuc/page/5/index.html]
[i999bet.net/indexf785.html]
[i999bet.net/game-xoc-dia-b52-huong-dan-choi-xoc-dia-doi-thuong-cuc-hay/index.html]
[i999bet.net/8kbet-link-vao-nha-cai-moi-nhat-thoa-dam-me-dem-qua-ve/index.html]
[i999bet.net/author/ys0012/page/2/index.html]
[i999bet.net/link-dang-ky-i999-moi-nhat-2022-khong-mot-ai-co-the-chan-ban-duoc/index.html]
[i999bet.net/game-da-ga-may88-kinh-nghiem-choi-da-ga-nha-cai-may88-luon-thang/index.html]
[i999bet.net/author/ys0012/page/3/index.html]
[i999bet.net/game-xoc-dia-doi-thuong-huong-dan-choi-cuc-chi-tiet-va-de-hieu/index.html]
[i999bet.net/game-no-hu-may88-moi-ra-mat-thi-truong-2022-cuc-ki-hap-dan/index.html]
[i999bet.net/game-keno-1126bet-huong-dan-dat-cuoc-doi-thuong-hap-dan/index.html]
[i999bet.net/author/ys0012/page/4/index.html]
[i999bet.net/game-mau-binh-online-1126bet-huong-dan-choi-cho-nhung-ai-chua-biet/index.html]
[i999bet.net/author/ys0012/page/7/index.html]
[i999bet.net/sicbo-jun88-kinh-nghiem-choi-hieu-qua-va-don-gian-nhat-nam-2022/index.html]
[i999bet.net/cach-choi-lotto-bet-tren-ku-casino-moi-nhat-2022-cho-anh-em-kiem-lua/index.html]
[i999bet.net/indexd0d3.html]
[i999bet.net/indexd250.html]
[i999bet.net/index2b62.html]
[i999bet.net/index0d89.html]
[i999bet.net/indexcc82.html]
[i999bet.net/index2d45.html]
[i999bet.net/index763e.html]
[i999bet.net/indexfe6b.html]
[i999bet.net/index6a26.html]
[i999bet.net/author/ys0012/page/5/index.html]
[i999bet.net/wp-content/uploads/2022/04/截图20220424220116-300x190.png]
[i999bet.net/author/ys0012/page/6/index.html]
[i999bet.net/dan-de-hom-nay/feed/index.html]
[i999bet.net/wp-json/wp/v2/posts/837.json]
[i999bet.net/wp-content/uploads/2022/04/dan-de-10-s0-nuoi-khung-3-ngay-rat-pho-bien-300x167.jpg]
[i999bet.net/wp-content/uploads/2022/04/phan-thuong-de-3-cang-het-suc-hap-dan-300x199.jpg]
[i999bet.net/dan-de-hom-nay/index.html]
[i999bet.net/wp-content/uploads/2022/04/Sicbo-1-300x208.jpg]
[i999bet.net/sicbo-bk8/feed/index.html]
[i999bet.net/wp-json/wp/v2/posts/680.json]
[i999bet.net/sicbo-bk8.html]
[i999bet.net/wp-content/uploads/2022/04/Sicbo-Australia7-300x297.jpg]
[i999bet.net/wp-content/uploads/2022/04/maxresdefault-4-300x169.jpg]
[i999bet.net/wp-content/uploads/2022/04/Play-like-a-Pro-How-to-Play-Sicbo-in-W88-12-1-300x169.png]
[i999bet.net/sicbo-bk8/index.html]
[i999bet.net/wp-content/uploads/2022/04/game-ban-ca-no-hu-online-300x146.jpg]
[i999bet.net/ban-ca-sv88/feed/index.html]
[i999bet.net/wp-json/wp/v2/posts/670.json]
[i999bet.net/ban-ca-sv88.html]
[i999bet.net/wp-content/uploads/2022/04/BAN-CA-NHA-CAI-ONLINE-1024x512-1-300x150.jpg]
[i999bet.net/wp-content/uploads/2022/04/maxresdefault-3-300x169.jpg]
[i999bet.net/wp-content/uploads/2022/04/Ban-ca-xocdiaonline.club1_-1-scaled-1-300x225.jpg]
[i999bet.net/wp-content/uploads/2022/04/review-danh-gia-game-ban-ca-h5-2-300x169.jpg]
[i999bet.net/ban-ca-sv88/index.html]
[i999bet.net/wp-content/uploads/2022/03/keo-nha-cai-tai-w88-co-gi-thu-vi-300x165.jpg]
[i999bet.net/tai-app-w88/feed/index.html]
[i999bet.net/wp-json/wp/v2/posts/661.json]
[i999bet.net/wp-content/uploads/2022/03/ma-qr-android.jpg]
[i999bet.net/tai-app-w88.html]
[i999bet.net/wp-content/uploads/2022/03/ma-qr-ios.jpg]
[i999bet.net/wp-content/uploads/2022/03/tai-app-w88-300x187.jpg]
[i999bet.net/wp-content/uploads/2022/03/cach-tai-ung-dung-poker-di-dong-tai-w88-300x181.jpg]
[i999bet.net/tai-app-w88/index.html]
[i999bet.net/wp-content/uploads/2022/03/搜狗截图20220331131749-300x182.png]
[i999bet.net/the-thao-jbo/feed/index.html]
[i999bet.net/wp-json/wp/v2/posts/652.json]
[i999bet.net/the-thao-jbo.html]
[i999bet.net/wp-content/uploads/2022/03/搜狗截图20220331132048-300x168.png]
[i999bet.net/wp-content/uploads/2022/03/esport-1-300x151.png]
[i999bet.net/wp-content/uploads/2022/03/huong-dan-ca-cuoc-the-thao-ao-300x158.jpg]
[i999bet.net/wp-content/uploads/2022/03/ca-cuoc-esports-300x225.png]
[i999bet.net/the-thao-jbo/index.html]
[i999bet.net/wp-content/uploads/2022/03/Huong-dan-dang-ky-k188-cho-nguoi-moi-tham-gia-300x180.jpg]
[i999bet.net/k188/feed/index.html]
[i999bet.net/wp-json/wp/v2/posts/638.json]
[i999bet.net/k188.html]
[i999bet.net/wp-content/uploads/2022/03/Nha-cai-k188-hien-la-nha-cai-duoc-nhieu-nguoi-choi-lua-chon-nhat-hien-nay-300x180.jpg]
[i999bet.net/wp-content/uploads/2022/03/Bat-dau-dang-ky-tai-khoan-tai-nha-cai-k188-768x461-1-300x180.jpg]
[i999bet.net/wp-content/uploads/2022/03/Hoan-tat-dang-ky-tai-khoan-tai-nha-cai-k188-1-768x461-1-300x180.jpg]
[i999bet.net/wp-content/uploads/2022/03/Huong-dan-dang-nhap-thanh-vien-K188-don-gian-va-de-dang-768x547-1-300x214.png]
[i999bet.net/wp-content/uploads/2022/03/Dang-nhap-tai-khoan-K188-kha-don-gian-va-nhanh-chong-768x424-1-300x166.png]
[i999bet.net/wp-content/uploads/2022/03/Huong-dan-cach-xoa-tai-khoan-k188-an-toan-768x461-1-300x180.jpg]
[i999bet.net/k188/index.html]
[i999bet.net/wp-content/uploads/2022/03/game-bai-doi-thuong4-300x164.jpg]
[i999bet.net/cach-xoa-tai-khoan-ku/feed/index.html]
[i999bet.net/wp-json/wp/v2/posts/629.json]
[i999bet.net/cach-xoa-tai-khoan-ku.html]
[i999bet.net/wp-content/uploads/2022/03/khuyen-mai-cua-123b-300x162.jpg]
[i999bet.net/wp-content/uploads/2022/03/choi-baccarat-truc-tuyen-tai-kubet-1024x500-1-300x146.jpg]
[i999bet.net/wp-content/uploads/2022/03/xoa-tai-khoan-kubet-ku-casino-min-1-300x261.jpg]
[i999bet.net/wp-content/uploads/2022/03/cach-xoa-email-300x158.png]
[i999bet.net/cach-xoa-tai-khoan-ku/index.html]
[i999bet.net/wp-content/uploads/2022/03/d18401b00e867ab5dbd897559d7cb9d1-300x176.png]
[i999bet.net/game-xoc-dia-doi-thuong-k188/feed/index.html]
[i999bet.net/wp-json/wp/v2/posts/615.json]
[i999bet.net/game-xoc-dia-doi-thuong-k188.html]
[i999bet.net/wp-content/uploads/2022/03/204962.FZZZM5dc3c5cb5ff0e-300x145.jpg]
[i999bet.net/wp-content/uploads/2022/03/blogtienao.zcc_.com_.vn-cach-choi-xoc-dia-luat-choi-xoc-dia-online-jta88-com-cach-choi-xoc-dia-1-300x169.jpg]
[i999bet.net/wp-content/uploads/2022/03/danh-cua-nao-lam-sao-300x182.png]
[i999bet.net/wp-content/uploads/2022/03/567268d3b6e9cbd6c551af8a4f265ad8-300x176.png]
[i999bet.net/wp-content/uploads/2022/03/image-7-300x200.png]
[i999bet.net/wp-content/uploads/2022/03/cach-choi-xoc-dia-luon-thang-300x158.jpg]
[i999bet.net/wp-content/uploads/2022/03/Xoc-dia-la-gi-choi-xoc-dia-w88-11-300x134.png]
[i999bet.net/wp-content/uploads/2022/03/10-163-300x177.png]
[i999bet.net/game-xoc-dia-doi-thuong-k188/index.html]
[i999bet.net/wp-content/uploads/2022/03/搜狗截图20220328152810-300x179.png]
[i999bet.net/game-baccarat-qh88-gioi-thieu-chi-tiet-ve-game-baccarat-hot-nhat-2022/feed/index.html]
[i999bet.net/wp-json/wp/v2/posts/607.json]
[i999bet.net/wp-content/uploads/2022/03/2-cach-choi-bai-baccarat-truc-tuyen-ty-le-thang-cao-nhat-300x200.jpg]
[i999bet.net/wp-content/uploads/2022/03/baccarat-su-bat-cong-trong-danh-bai-truc-tuyen-300x200.jpg]
[i999bet.net/wp-content/uploads/2022/03/dien-dang-casino-truc-tuyen-300x225.png]
[i999bet.net/wp-content/uploads/2022/03/搜狗截图20220328153744-300x167.png]
[i999bet.net/game-baccarat-qh88-gioi-thieu-chi-tiet-ve-game-baccarat-hot-nhat-2022/index.html]
[i999bet.net/wp-content/uploads/2022/03/Cach-choi-Baccarat-300x151.jpg]
[i999bet.net/game-baccarat-red88-chia-se-nhung-meo-dinh-vao-tien-hieu-qua-nhat/feed/index.html]
[i999bet.net/wp-json/wp/v2/posts/599.json]
[i999bet.net/wp-content/uploads/2022/03/cach-choi-baccarat-chia-bai-2-300x169.jpg]
[i999bet.net/wp-content/uploads/2022/03/Bi-kip-choi-Baccarat-300x207.jpg]
[i999bet.net/game-baccarat-red88-chia-se-nhung-meo-dinh-vao-tien-hieu-qua-nhat/index.html]
[i999bet.net/category/tin-tuc/page/6/index.html]
[i999bet.net/i999-khuyen-mai-nguoi-chien-thang-giai-dien-tu-tien-thuong-den-22019k/index.html]
[i999bet.net/cach-xoa-tai-khoan-w88-huong-dan-don-gian-nhat-chinh-xac-nhat/index.html]
[i999bet.net/xoa-tai-khoan-ku-cach-xoa-vinh-vien-tai-khoan-kubet-ma-khong-phai-ai-cung-biet/index.html]
[i999bet.net/khuyen-mai-i999-dang-ky-tai-khoan-nhan-ngay-50k100k/index.html]
[i999bet.net/wp-content/uploads/2022/03/rong-ho-online-300x182.jpg]
[i999bet.net/game-phom-online-zbet-chia-se-kinh-nghiem-choi-luon-thang/index.html]
[i999bet.net/soi-cau-xsmb-i999-hay-ban-nen-thu-de-mang-tien-ve-cho-me/index.html]
[i999bet.net/game-rong-ho-red88-huong-dan-cach-choi-don-gian-va-de-hieu-nhat/feed/index.html]
[i999bet.net/wp-json/wp/v2/posts/594.json]
[i999bet.net/wp-content/uploads/2022/03/rong-ho-online-450x254-1-300x169.jpg]
[i999bet.net/wp-content/uploads/2022/03/longhotranhhung-300x232.jpg]
[i999bet.net/game-rong-ho-red88-huong-dan-cach-choi-don-gian-va-de-hieu-nhat/index.html]
[i999bet.net/wp-content/uploads/2022/03/7813b4b20d8d424fa0cf1bdb4253a5fc-1-300x200.jpg]
[i999bet.net/game-rong-ho-bmwbet-duoc-nhieu-nguoi-yeu-thich-nhat-2022/feed/index.html]
[i999bet.net/wp-json/wp/v2/posts/587.json]
[i999bet.net/wp-content/uploads/2022/03/39d9c0ed61d84c52bdee882613644232-300x156.jpg]
[i999bet.net/wp-content/uploads/2022/03/game-bai-rong-ho-la-gi-tat-tan-tat-thong-tin-ve-game-bai-dragon-tiger-1-300x225.png]
[i999bet.net/game-rong-ho-bmwbet-duoc-nhieu-nguoi-yeu-thich-nhat-2022/index.html]
[i999bet.net/wp-content/uploads/2022/03/BCR-1024x782-1-300x229.png]
[i999bet.net/game-baccarat-f8bet-co-hot-ma-hap-dan-nguoi-choi-den-vay/feed/index.html]
[i999bet.net/wp-json/wp/v2/posts/579.json]
[i999bet.net/wp-content/uploads/2022/03/baccarat-com-gao-300x169.jpg]
[i999bet.net/wp-content/uploads/2022/03/thuat-ngu-xi-dach-co-ban-300x177.png]
[i999bet.net/wp-content/uploads/2022/03/banner-6623vnbet-04-300x124.png]
[i999bet.net/game-baccarat-f8bet-co-hot-ma-hap-dan-nguoi-choi-den-vay/index.html]
[i999bet.net/wp-content/uploads/2022/03/benvip-club-300x156.jpg]
[i999bet.net/benvip-tong-hop-link-truy-cap-nha-cai-benvip-moi-nhat-nam-2022/feed/index.html]
[i999bet.net/wp-json/wp/v2/posts/570.json]
[i999bet.net/wp-content/uploads/2022/03/benvip-2-300x300.png]
[i999bet.net/wp-content/uploads/2022/03/benvip-club-1.jpg-750x439-1-300x176.png]
[i999bet.net/wp-content/uploads/2022/03/tai-game-benvip-club-mien-phi-cho-android-va-ios-300x113.jpg]
[i999bet.net/wp-content/uploads/2022/03/BenVip-Club-Event-Chao-tan-thu-Don-loc-Benvip-750x750-1-300x300.jpg]
[i999bet.net/benvip-tong-hop-link-truy-cap-nha-cai-benvip-moi-nhat-nam-2022/index.html]
[i999bet.net/wp-content/uploads/2022/03/luat-choi-poker-huong-dan-cach-choi-poker-17-300x199.jpg]
[i999bet.net/huong-dan-choi-poker/feed/index.html]
[i999bet.net/wp-json/wp/v2/posts/562.json]
[i999bet.net/wp-content/uploads/2022/03/logo-poker-300x200.jpg]
[i999bet.net/wp-content/uploads/2022/03/luat-choi-poker-co-ban-300x158.jpg]
[i999bet.net/wp-content/uploads/2022/03/b5-luat-choi-poker-cach-choi-poker-300x135.jpg]
[i999bet.net/wp-content/uploads/2022/03/cach-choi-poker-2-300x200.jpg]
[i999bet.net/huong-dan-choi-poker/index.html]
[i999bet.net/wp-content/uploads/2022/03/MV7LGaeX7tXD9oNkncCNApMeU9fvK0aPMU7AWow4-300x225.jpg]
[i999bet.net/game-tai-xiu-b29-choi-game-cuc-de-kiem-tien-cuc-nhanh-nam-2022/feed/index.html]
[i999bet.net/wp-json/wp/v2/posts/549.json]
[i999bet.net/wp-content/uploads/2022/03/imager_1247-300x176.png]
[i999bet.net/wp-content/uploads/2022/03/tai-xiu-bk8-300x162.jpg]
[i999bet.net/wp-content/uploads/2022/03/Hinh-2-chien-luoc-choi-Sicbo-hieu-qua-300x208.jpg]
[i999bet.net/wp-content/uploads/2022/03/xac-suat-va-ky-thuat-choi-thang-tai-xiu-300x198.jpg]
[i999bet.net/game-tai-xiu-b29-choi-game-cuc-de-kiem-tien-cuc-nhanh-nam-2022/index.html]
[i999bet.net/wp-content/uploads/2022/03/搜狗截图20220321101418-300x110.png]
[i999bet.net/nha-cai-b29-tong-hop-link-vao-nha-cai-b29-moi-nhat-2022/feed/index.html]
[i999bet.net/wp-json/wp/v2/posts/543.json]
[i999bet.net/wp-content/uploads/2022/03/搜狗截图20220321101553-300x188.png]
[i999bet.net/wp-content/uploads/2022/03/搜狗截图20220321101718-300x167.png]
[i999bet.net/nha-cai-b29-tong-hop-link-vao-nha-cai-b29-moi-nhat-2022/index.html]
[i999bet.net/wp-content/uploads/2022/03/choi-no-hu-300x214.jpg]
[i999bet.net/game-bau-cua-tom-ca-online-zm88-va-nhung-thong-tin-can-biet/feed/index.html]
[i999bet.net/wp-json/wp/v2/posts/539.json]
[i999bet.net/wp-content/uploads/2022/03/quy-luat-bau-cua-300x156.jpg]
[i999bet.net/game-bau-cua-tom-ca-online-zm88-va-nhung-thong-tin-can-biet/index.html]
[i999bet.net/wp-content/uploads/2022/03/搜狗截图20220319142812-300x143.png]
[i999bet.net/game-phom-online-zm88-huong-dan-chi-tiet-va-nhung-thong-tin-can-biet/feed/index.html]
[i999bet.net/wp-json/wp/v2/posts/534.json]
[i999bet.net/game-phom-online-zm88-huong-dan-chi-tiet-va-nhung-thong-tin-can-biet/index.html]
[i999bet.net/wp-content/uploads/2022/03/kc6-300x169.png]
[i999bet.net/kc6-link-vao-nha-cai-kc6-khong-bi-chan-moi-nhat-2022/feed/index.html]
[i999bet.net/wp-json/wp/v2/posts/522.json]
[i999bet.net/wp-content/uploads/2022/03/kc6-nha-cai-ca-cuoc-da-ga-the-thao-casino-online-moi-ra-mat-1638375589-1-300x169.jpg]
[i999bet.net/wp-content/uploads/2022/03/kc6-nha-cai-ca-cuoc-da-ga-the-thao-casino-online-moi-ra-mat-1638439951-300x144.jpg]
[i999bet.net/wp-content/uploads/2022/03/kc6-nha-cai-ca-cuoc-da-ga-the-thao-casino-online-moi-ra-mat-1638439787-1-300x145.jpg]
[i999bet.net/wp-content/uploads/2022/03/kc6-nha-cai-ca-cuoc-da-ga-the-thao-casino-online-moi-ra-mat-1638439732-300x145.jpg]
[i999bet.net/kc6-link-vao-nha-cai-kc6-khong-bi-chan-moi-nhat-2022/index.html]
[i999bet.net/hr99-link-vao-nha-cai-hr99-khong-bi-chan-moi-nhat-2022/index.html]
[i999bet.net/wp-content/uploads/2022/02/Baccarat-nha-cai-84vn-300x169.png]
[i999bet.net/game-baccarat-i999-va-nhung-huong-dan-choi-moi-nhat/feed/index.html]
[i999bet.net/wp-json/wp/v2/posts/308.json]
[i999bet.net/wp-content/uploads/2022/02/huong-dan-choi-bai-baccarat-online-hieu-qua-nhat-300x200.jpg]
[i999bet.net/wp-content/uploads/2022/02/Baccarat-300x170.jpg]
[i999bet.net/wp-content/uploads/2022/02/cach-choi-baccarat-4-300x170.jpg]
[i999bet.net/wp-content/uploads/2022/02/cach-nhan-biet-the-bai-trong-baccarat-anh-dai-dien-300x169.jpg]
[i999bet.net/game-baccarat-i999-va-nhung-huong-dan-choi-moi-nhat/index.html]
[i999bet.net/wp-content/uploads/2022/02/giao-dien-game-xoc-dia-online-w88-300x217.png]
[i999bet.net/game-xoc-dia-doi-thuong-i999-tuyet-dinh-cuoc-thu-nao-cung-nen-kham-pha/feed/index.html]
[i999bet.net/wp-json/wp/v2/posts/297.json]
[i999bet.net/wp-content/uploads/2022/02/xoc-dia-doi-thuong-300x130.jpg]
[i999bet.net/wp-content/uploads/2022/02/xoc-dia-doi-thuong-online-cf68-1-994x559-1-300x169.jpg]
[i999bet.net/wp-content/uploads/2022/02/screen-1-750x375-1-300x150.jpg]
[i999bet.net/wp-content/uploads/2022/02/huong-dan-choi-game-xoc-dia-doi-thuong-danh-chien-thang-tuyet-doi-300x148.jpg]
[i999bet.net/game-xoc-dia-doi-thuong-i999-tuyet-dinh-cuoc-thu-nao-cung-nen-kham-pha/index.html]
[i999bet.net/wp-content/uploads/2022/02/unnamed-300x300.png]
[i999bet.net/nhung-dieu-ban-can-biet-khi-choi-game-keno-fm88/feed/index.html]
[i999bet.net/wp-json/wp/v2/posts/288.json]
[i999bet.net/wp-content/uploads/2022/02/thuc-chat-game-keno-la-gi-va-ban-can-chu-y-ve-dieu-gi-khi-choi-Hinh-1-1280x720-1-300x169.jpg]
[i999bet.net/wp-content/uploads/2022/02/thuc-chat-game-keno-la-gi-va-ban-can-chu-y-ve-dieu-gi-khi-choi-Hinh-1-1280x720-2-300x176.jpg]
[i999bet.net/wp-content/uploads/2022/02/screen-1-300x169.jpg]
[i999bet.net/wp-content/uploads/2022/02/image5-300x169.jpg]
[i999bet.net/nhung-dieu-ban-can-biet-khi-choi-game-keno-fm88/index.html]
[i999bet.net/wp-content/uploads/2022/02/73a1-300x160.jpg]
[i999bet.net/huong-dan-choi-poker-i999-don-gian-nhat/feed/index.html]
[i999bet.net/wp-json/wp/v2/posts/280.json]
[i999bet.net/wp-content/uploads/2022/02/cach-choi-poker-Copy-300x169.jpg]
[i999bet.net/wp-content/uploads/2022/02/pasted-image-0-300x170.png]
[i999bet.net/wp-content/uploads/2022/02/image1-1-300x168.jpg]
[i999bet.net/wp-content/uploads/2022/02/ai-choi-poker-1-300x196.jpg]
[i999bet.net/huong-dan-choi-poker-i999-don-gian-nhat/index.html]
[i999bet.net/wp-content/uploads/2022/02/huong-dan-choi-bau-cua-an-tien-that-cuc-hot-tai-nha-cai-lixi88-2-300x165.jpg]
[i999bet.net/game-bau-cua-tom-ca-i999-nha-cai-uy-tin-so-1-viet-nam/feed/index.html]
[i999bet.net/wp-json/wp/v2/posts/263.json]
[i999bet.net/wp-content/uploads/2022/02/kinh-nghiem-choi-bau-cua-online-300x160.jpg]
[i999bet.net/wp-content/uploads/2022/02/BAU-CUA-TOM-CA-ONLINE-300x206.jpg]
[i999bet.net/wp-content/uploads/2022/02/Cach-choi-Bau-cua-ca-cop-hieu-qua-300x171.jpg]
[i999bet.net/game-bau-cua-tom-ca-i999-nha-cai-uy-tin-so-1-viet-nam/index.html]
[i999bet.net/wp-content/uploads/2022/02/kinh-nghiem-danh-phom-1-1-300x184.png]
[i999bet.net/game-phom-online-i999-nhung-kinh-nghiem-ma-nguoi-choi-nen-biet/feed/index.html]
[i999bet.net/wp-json/wp/v2/posts/256.json]
[i999bet.net/wp-content/uploads/2022/02/cac-thuat-ngu-khi-choi-phom-online_1-300x169.jpg]
[i999bet.net/wp-content/uploads/2022/02/搜狗截图20220223220351-300x199.png]
[i999bet.net/wp-content/uploads/2022/02/搜狗截图20220223220534-300x182.png]
[i999bet.net/wp-content/uploads/2022/02/uu-diem-noi-bat-cua-game-danh-bai-phom-online-300x225.jpg]
[i999bet.net/game-phom-online-i999-nhung-kinh-nghiem-ma-nguoi-choi-nen-biet/index.html]
[i999bet.net/wp-content/uploads/2022/02/game-no-hu-la-gi-300x150.jpg]
[i999bet.net/game-no-hu-i999-tro-choi-dem-ve-giai-thuong-cuc-lon/feed/index.html]
[i999bet.net/wp-json/wp/v2/posts/245.json]
[i999bet.net/wp-content/uploads/2022/02/tinh-nang-vip-hohuclub-min-768x400-1-300x156.png]
[i999bet.net/wp-content/uploads/2022/02/nap-rut-nohu-club-min-768x405-1-300x158.png]
[i999bet.net/wp-content/uploads/2022/02/game-nohu-club-300x236.jpg]
[i999bet.net/wp-content/uploads/2022/02/game-no-hu-la-gi-1-300x200.jpg]
[i999bet.net/wp-content/uploads/2022/02/go88-game-quay-hu-uy-tin-300x169.jpg]
[i999bet.net/wp-content/uploads/2022/02/rikvip-game-bai-no-hu-uy-tin-nhat-300x177.jpg]
[i999bet.net/game-no-hu-i999-tro-choi-dem-ve-giai-thuong-cuc-lon/index.html]
[i999bet.net/wp-content/uploads/2022/02/main-300x158.jpg]
[i999bet.net/game-ban-ca-doi-thuong-i999-huong-dan-choi-tu-a-z/feed/index.html]
[i999bet.net/wp-json/wp/v2/posts/238.json]
[i999bet.net/wp-content/uploads/2022/02/screen-0-300x169.jpg]
[i999bet.net/wp-content/uploads/2022/02/imager_13721-300x187.jpg]
[i999bet.net/wp-content/uploads/2022/02/game-ban-ca-2-300x169.jpg]
[i999bet.net/wp-content/uploads/2022/02/game-ban-ca-phat-loc-300x187.jpg]
[i999bet.net/game-ban-ca-doi-thuong-i999-huong-dan-choi-tu-a-z/index.html]
[i999bet.net/wp-content/uploads/2022/02/peta-yeu-cau-far-cry-6-go-bo-mini-game-choi-ga-tin-game-300x169.jpg]
[i999bet.net/game-da-ga-i999-huong-dan-cach-choi-chuan-nhat-de-anh-em-vao-bo/feed/index.html]
[i999bet.net/wp-json/wp/v2/posts/230.json]
[i999bet.net/wp-content/uploads/2022/02/game-da-ga-3-300x175.jpg]
[i999bet.net/wp-content/uploads/2022/02/Live-truc-tiep-da-ga-thomo-campuchia-cua-sat-thu-2-ngay-12-8-2019-1-300x169.jpg]
[i999bet.net/game-da-ga-i999-huong-dan-cach-choi-chuan-nhat-de-anh-em-vao-bo/index.html]
[i999bet.net/index4e02.html]
[i999bet.net/indexdfb6.html]
[i999bet.net/index4aec.html]
[i999bet.net/index2812.html]
[i999bet.net/game-rong-ho-vt999-link-tai-game-rong-ho-vt999-ios-moi-nhat-2022/index.html]
[i999bet.net/indexdd7c.html]
[i999bet.net/indexd13e.html]
[i999bet.net/game-rong-ho-vt999.html]
[i999bet.net/game-baccarat-vt999-link-nha-cai-vt999-tren-pc-mobile-moi-nhat/index.html]
[i999bet.net/indexbf05.html]
[i999bet.net/game-baccarat-vt999.html]
[i999bet.net/indexf993.html]
[i999bet.net/index21fd.html]
[i999bet.net/index5723.html]
[i999bet.net/soi-cau-xsmb.html]
[i999bet.net/wp-content/uploads/2022/02/下载-300x118.png]
[i999bet.net/game-xoc-dia-b52-huong-dan-choi-xoc-dia-doi-thuong-cuc-hay/feed/index.html]
[i999bet.net/wp-json/wp/v2/posts/495.json]
[i999bet.net/wp-content/uploads/2022/03/xoc-dia-doi-thuong-doi-the-cao-va-tien-that-1-300x210.png]
[i999bet.net/wp-content/uploads/2022/03/game-xoc-dia-doi-thuong-300x167.jpg]
[i999bet.net/wp-content/uploads/2022/03/xoc-dia-an-tien_bwau-300x196.jpg]
[i999bet.net/game-xoc-dia-b52-huong-dan-choi-xoc-dia-doi-thuong-cuc-hay/index.html]
[i999bet.net/wp-content/uploads/2022/03/0c0c4607-86e3-4770-9bec-e3164254c525-300x103.jpg]
[i999bet.net/link-dang-ky-i999-moi-nhat-2022-khong-mot-ai-co-the-chan-ban-duoc/feed/index.html]
[i999bet.net/wp-json/wp/v2/posts/489.json]
[i999bet.net/wp-content/uploads/2022/03/b5a8204c-e11f-46be-857a-9a38cac930f2-300x103.png]
[i999bet.net/wp-content/uploads/2022/03/b2800902-fddb-4d02-9b5b-8597498634eb-1-300x103.jpg]
[i999bet.net/link-dang-ky-i999-moi-nhat-2022-khong-mot-ai-co-the-chan-ban-duoc/index.html]
[i999bet.net/8kbet-link-vao-nha-cai-moi-nhat-thoa-dam-me-dem-qua-ve/feed/index.html]
[i999bet.net/wp-json/wp/v2/posts/478.json]
[i999bet.net/wp-content/uploads/2022/03/nha-cai-uy-tin-5-300x157.png]
[i999bet.net/wp-content/uploads/2022/03/nha-cai-uy-tin-300x169.jpg]
[i999bet.net/wp-content/uploads/2022/03/1-0995-300x203.jpg]
[i999bet.net/wp-content/uploads/2022/03/va-300x169.jpg]
[i999bet.net/wp-content/uploads/2022/03/photo-1-15532303618881529733939-300x146.jpg]
[i999bet.net/8kbet-link-vao-nha-cai-moi-nhat-thoa-dam-me-dem-qua-ve/index.html]
[i999bet.net/game-da-ga-may88-kinh-nghiem-choi-da-ga-nha-cai-may88-luon-thang/feed/index.html]
[i999bet.net/wp-json/wp/v2/posts/469.json]
[i999bet.net/wp-content/uploads/2022/03/daga-300x191.jpg]
[i999bet.net/wp-content/uploads/2022/03/da-ga-2-300x153.jpg]
[i999bet.net/wp-content/uploads/2022/03/anh-cap-do-300x168.jpg]
[i999bet.net/wp-content/uploads/2022/03/da-ga-cua-sat-300x203.jpg]
[i999bet.net/wp-content/uploads/2022/03/Tham-gia-da-ga-truc-tuyen-300x188.jpg]
[i999bet.net/game-da-ga-may88-kinh-nghiem-choi-da-ga-nha-cai-may88-luon-thang/index.html]
[i999bet.net/game-no-hu-may88-moi-ra-mat-thi-truong-2022-cuc-ki-hap-dan/feed/index.html]
[i999bet.net/wp-json/wp/v2/posts/459.json]
[i999bet.net/wp-content/uploads/2022/03/game-no-hu-la-gi-1-300x169.jpg]
[i999bet.net/wp-content/uploads/2022/03/no-hu-300x177.jpg]
[i999bet.net/wp-content/uploads/2022/03/no-hu-la-gi-2-300x161.jpg]
[i999bet.net/wp-content/uploads/2022/03/no-hu-la-gi-300x188.jpg]
[i999bet.net/wp-content/uploads/2022/03/game-no-hu-la-gi-2-300x169.jpg]
[i999bet.net/game-no-hu-may88-moi-ra-mat-thi-truong-2022-cuc-ki-hap-dan/index.html]
[i999bet.net/game-xoc-dia-doi-thuong-huong-dan-choi-cuc-chi-tiet-va-de-hieu/feed/index.html]
[i999bet.net/wp-json/wp/v2/posts/449.json]
[i999bet.net/wp-content/uploads/2022/03/7-160-300x170.png]
[i999bet.net/wp-content/uploads/2022/03/xoc-dia-online-2-300x179.png]
[i999bet.net/wp-content/uploads/2022/03/xoc-dia-online-1-300x169.jpg]
[i999bet.net/wp-content/uploads/2022/03/11-158-300x184.png]
[i999bet.net/game-xoc-dia-doi-thuong-huong-dan-choi-cuc-chi-tiet-va-de-hieu/index.html]
[i999bet.net/game-keno-1126bet-huong-dan-dat-cuoc-doi-thuong-hap-dan/feed/index.html]
[i999bet.net/wp-json/wp/v2/posts/444.json]
[i999bet.net/wp-content/uploads/2022/03/keno-la-gi-300x179.jpg]
[i999bet.net/wp-content/uploads/2022/03/keno-bk8app-300x225.jpg]
[i999bet.net/wp-content/uploads/2022/03/cach-choi-keno-00-1200x900-1-300x225.jpg]
[i999bet.net/game-keno-1126bet-huong-dan-dat-cuoc-doi-thuong-hap-dan/index.html]
[i999bet.net/game-mau-binh-online-1126bet-huong-dan-choi-cho-nhung-ai-chua-biet/feed/index.html]
[i999bet.net/wp-json/wp/v2/posts/436.json]
[i999bet.net/wp-content/uploads/2022/03/cach-choi-mau-binh-300x200.jpg]
[i999bet.net/wp-content/uploads/2022/03/nhung-luu-y-khi-choi-bai-mau-binh-can-ghi-nho-hinh-anh-1-300x146.jpg]
[i999bet.net/wp-content/uploads/2022/03/binh-ban-choi-300x170.png]
[i999bet.net/wp-content/uploads/2022/03/cach-choi-mau-binh-1-300x169.jpg]
[i999bet.net/game-mau-binh-online-1126bet-huong-dan-choi-cho-nhung-ai-chua-biet/index.html]
[i999bet.net/sicbo-jun88-kinh-nghiem-choi-hieu-qua-va-don-gian-nhat-nam-2022/feed/index.html]
[i999bet.net/wp-json/wp/v2/posts/426.json]
[i999bet.net/wp-content/uploads/2022/03/jun88-top-1-nha-cai-uy-tin-nhat-tai-viet-nam-1-300x200.jpg]
[i999bet.net/wp-content/uploads/2022/03/sicbo-300x197.jpg]
[i999bet.net/wp-content/uploads/2022/03/How-to-look-for-SIcbo-ratio-wins-99.9-300x162.png]
[i999bet.net/wp-content/uploads/2022/03/unnamed-1-300x300.png]
[i999bet.net/sicbo-jun88-kinh-nghiem-choi-hieu-qua-va-don-gian-nhat-nam-2022/index.html]
[i999bet.net/cach-choi-lotto-bet-tren-ku-casino-moi-nhat-2022-cho-anh-em-kiem-lua/feed/index.html]
[i999bet.net/wp-json/wp/v2/posts/417.json]
[i999bet.net/wp-content/uploads/2022/03/nha-cai-kucasino-300x158.jpg]
[i999bet.net/wp-content/uploads/2022/03/Xo-so-tai-Kubet-1024x516-1-300x151.png]
[i999bet.net/wp-content/uploads/2022/03/kubet-win-300x152.jpg]
[i999bet.net/wp-content/uploads/2022/03/do_choi_lo_to_go__3__28b6edc9422c439db580a372a42139e9-300x300.jpg]
[i999bet.net/wp-content/uploads/2022/03/loto-online-tai-w88-300x200.jpg]
[i999bet.net/wp-content/uploads/2022/03/m6ACejZLNo7kdBdS9GYv_url_image-300x137.jpg]
[i999bet.net/cach-choi-lotto-bet-tren-ku-casino-moi-nhat-2022-cho-anh-em-kiem-lua/index.html]
[i999bet.net/author/ys0012/page/1/index.html]
[i999bet.net/author/ys0012/page/5/index.html]
[i999bet.net/author/ys0012/page/6/index.html]
[i999bet.net/index0c04.html]
[i999bet.net/indexea0f.html]
[i999bet.net/sicbo-bk8.html]
[i999bet.net/index767a.html]
[i999bet.net/ban-ca-sv88.html]
[i999bet.net/tai-app-w88-app-cho-he-dieu-hanh-android-ios-phien-ban-moi-nhat/index.html]
[i999bet.net/the-thao-jbo-tong-hop-link-vao-nha-cai-jbo-tren-pc-mobile-nam-2022/index.html]
[i999bet.net/indexd4f5.html]
[i999bet.net/tai-app-w88.html]
[i999bet.net/k188-san-choi-dinh-cao-game-xoc-dia-doi-thuong-k188-moi-nhat-2022/index.html]
[i999bet.net/index47dc.html]
[i999bet.net/the-thao-jbo.html]
[i999bet.net/dang-ky-k188-tong-hop-link-pc-mobile-moi-nhat-nam-2022/index.html]
[i999bet.net/cach-xoa-tai-khoan-ku-va-tai-khoan-123b-vinh-vien-ai-cung-phai-biet/index.html]
[i999bet.net/indexc9fb.html]
[i999bet.net/k188.html]
[i999bet.net/indexe703.html]
[i999bet.net/cach-xoa-tai-khoan-ku.html]
[i999bet.net/index2f7a.html]
[i999bet.net/game-xoc-dia-doi-thuong-k188.html]
[i999bet.net/game-tai-xiu-i999-game-doi-tien-thuong-so-1-viet-nam/index.html]
[i999bet.net/index30e4.html]
[i999bet.net/indexdfe5.html]
[i999bet.net/indexa9e1.html]
[i999bet.net/index3bbc.html]
[i999bet.net/game-rong-ho-i999-kinh-nghiem-khi-choi-cho-nhung-ai-chua-biet/index.html]
[i999bet.net/cach-xoa-tai-khoan-w88-huong-dan-don-gian-nhat-chinh-xac-nhat/feed/index.html]
[i999bet.net/wp-json/wp/v2/posts/407.json]
[i999bet.net/wp-content/uploads/2022/03/nha-cai-w88-300x200.jpg]
[i999bet.net/wp-content/uploads/2022/03/W88-Mobile-Official-Regional-Sponsor-202201-EN-300x151.jpg]
[i999bet.net/wp-content/uploads/2022/03/casino-nha-cai-w88-300x163.jpg]
[i999bet.net/wp-content/uploads/2022/03/casino-truc-tuyen-1-300x137.png]
[i999bet.net/cach-xoa-tai-khoan-w88-huong-dan-don-gian-nhat-chinh-xac-nhat/index.html]
[i999bet.net/wp-content/uploads/2022/03/搜狗截图20220304155803-300x109.png]
[i999bet.net/i999-khuyen-mai-nguoi-chien-thang-giai-dien-tu-tien-thuong-den-22019k/feed/index.html]
[i999bet.net/wp-json/wp/v2/posts/403.json]
[i999bet.net/i999-khuyen-mai-nguoi-chien-thang-giai-dien-tu-tien-thuong-den-22019k/index.html]
[i999bet.net/wp-content/uploads/2022/03/xoa-tai-khoan-kubet-ku-casino-min-300x261.jpg]
[i999bet.net/xoa-tai-khoan-ku-cach-xoa-vinh-vien-tai-khoan-kubet-ma-khong-phai-ai-cung-biet/feed/index.html]
[i999bet.net/wp-json/wp/v2/posts/393.json]
[i999bet.net/wp-content/uploads/2022/03/menghapus-file-dengan-kondisi-tertentu-di-linux-300x176.png]
[i999bet.net/wp-content/uploads/2022/03/SEC0417-testing-feat-slide_900px-300x183.jpg]
[i999bet.net/wp-content/uploads/2022/03/xoa-tai-khoan-kubet-anh-dai-dien-1200x675-1-300x169.jpg]
[i999bet.net/wp-content/uploads/2022/03/142227-phones-review-iphone-x-review-photos-image1-ahdsiyvum0-300x200.jpg]
[i999bet.net/xoa-tai-khoan-ku-cach-xoa-vinh-vien-tai-khoan-kubet-ma-khong-phai-ai-cung-biet/index.html]
[i999bet.net/khuyen-mai-i999-dang-ky-tai-khoan-nhan-ngay-50k100k/feed/index.html]
[i999bet.net/wp-json/wp/v2/posts/383.json]
[i999bet.net/wp-content/uploads/2022/03/搜狗截图20220303112942-300x40.png]
[i999bet.net/wp-content/uploads/2022/03/搜狗截图20220303112819-300x58.png]
[i999bet.net/wp-content/uploads/2022/03/搜狗截图20220303112555-300x73.png]
[i999bet.net/khuyen-mai-i999-dang-ky-tai-khoan-nhan-ngay-50k100k/index.html]
[i999bet.net/wp-content/uploads/2022/03/anh-vui-chau-a-danh-ta-la-duoi-nuoc-964a36-279x300.jpg]
[i999bet.net/game-phom-online-zbet-chia-se-kinh-nghiem-choi-luon-thang/feed/index.html]
[i999bet.net/wp-json/wp/v2/posts/371.json]
[i999bet.net/wp-content/uploads/2022/03/tat-tan-tat-ve-game-bai-ta-la-online-hinh-1-300x168.png]
[i999bet.net/wp-content/uploads/2022/03/tala3-300x241.jpg]
[i999bet.net/wp-content/uploads/2022/03/512x512bb-300x300.jpg]
[i999bet.net/wp-content/uploads/2022/03/cach-choi-bai-ta-la-phom-300x169.jpg]
[i999bet.net/game-phom-online-zbet-chia-se-kinh-nghiem-choi-luon-thang/index.html]
[i999bet.net/wp-content/uploads/2022/02/soi-cau-lo-an-thong-300x178.jpg]
[i999bet.net/soi-cau-xsmb-i999-hay-ban-nen-thu-de-mang-tien-ve-cho-me/feed/index.html]
[i999bet.net/wp-json/wp/v2/posts/349.json]
[i999bet.net/wp-content/uploads/2022/02/bi-kip-soi-cau-lo-chay-deu-300x200.jpg]
[i999bet.net/wp-content/uploads/2022/02/Soi-cau-bach-thu-xo-so-kien-thiet-mien-Bac-e1622470748270-300x180.jpg]
[i999bet.net/wp-content/uploads/2022/02/nguyen-nhan-tai-sao-ban-nen-dung-phan-mem-soi-xo-so--300x185.jpg]
[i999bet.net/wp-content/uploads/2022/02/755ca584eb3c11de0fd9c358538060d5-1-300x182.jpg]
[i999bet.net/soi-cau-xsmb-i999-hay-ban-nen-thu-de-mang-tien-ve-cho-me/index.html]
[i999bet.net/index3e9a.html]
[i999bet.net/index4c2b.html]
[i999bet.net/indexc74d.html]
[i999bet.net/indexfa8d.html]
[i999bet.net/indexfb5a.html]
[i999bet.net/indexf652.html]
[i999bet.net/index458c.html]
[i999bet.net/indexbcc1.html]
[i999bet.net/indexc182.html]
[i999bet.net/index5147.html]
[i999bet.net/indexfded.html]
[i999bet.net/indexc027.html]
[i999bet.net/index3a3a.html]
[i999bet.net/blackjack-la-gi-tim-hieu-chi-tiet-tu-a-z-cach-choi-blackjack-2022/index.html]
[i999bet.net/index6ca3.html]
[i999bet.net/index0f99.html]
[i999bet.net/2022/03/17/kc6-link-vao-nha-cai-kc6-khong-bi-chan-moi-nhat-2022/index.html]
[i999bet.net/2022/03/17/hr99-link-vao-nha-cai-hr99-khong-bi-chan-moi-nhat-2022/index.html]
[i999bet.net/index28a7.html]
[i999bet.net/indexf560.html]
[i999bet.net/hr99-link-vao-nha-cai-hr99-khong-bi-chan-moi-nhat-2022/feed/index.html]
[i999bet.net/wp-json/wp/v2/posts/513.json]
[i999bet.net/wp-content/uploads/2022/03/HR99-2-300x138.jpg]
[i999bet.net/wp-content/uploads/2022/03/HR99-3-300x169.jpg]
[i999bet.net/wp-content/uploads/2022/03/HR99-4-300x139.jpg]
[i999bet.net/wp-content/uploads/2022/03/HR99-300x141.jpg]
[i999bet.net/hr99-link-vao-nha-cai-hr99-khong-bi-chan-moi-nhat-2022/index.html]
[i999bet.net/indexf454.html]
[i999bet.net/index5fb4.html]
[i999bet.net/index07ee.html]
[i999bet.net/index8435.html]
[i999bet.net/index1d24.html]
[i999bet.net/index5b06.html]
[i999bet.net/index90dd.html]
[i999bet.net/index16a5.html]
[i999bet.net/index8fee.html]
[i999bet.net/indexb4ee.html]
[i999bet.net/index03bd.html]
[i999bet.net/indexe077.html]
[i999bet.net/indexe1a1.html]
[i999bet.net/indexa08d.html]
[i999bet.net/index3dc6.html]
[i999bet.net/index7438.html]
[i999bet.net/index9fa1.html]
[i999bet.net/indexc33e.html]
[i999bet.net/index28bc.html]
[i999bet.net/indexb004.html]
[i999bet.net/indexb645.html]
[i999bet.net/index2961.html]
[i999bet.net/index50ba.html]
[i999bet.net/index0a44.html]
[i999bet.net/indexa040.html]
[i999bet.net/index7959.html]
[i999bet.net/index6595.html]
[i999bet.net/index41bb.html]
[i999bet.net/indexb47e.html]
[i999bet.net/indexa20e.html]
[i999bet.net/indexb284.html]
[i999bet.net/index22df.html]
[i999bet.net/indexc1f6.html]
[i999bet.net/indexdb86.html]
[i999bet.net/index2202.html]
[i999bet.net/index8906.html]
[i999bet.net/indexb8c6.html]
[i999bet.net/indexdf75.html]
[i999bet.net/indexd65b.html]
[i999bet.net/index6e5f.html]
[i999bet.net/indexffa6.html]
[i999bet.net/index9bb7.html]
[i999bet.net/index23ea.html]
[i999bet.net/indexfff9.html]
[i999bet.net/indexa9ab.html]
[i999bet.net/index98e0.html]
[i999bet.net/index3f97.html]
[i999bet.net/index84d5.html]
[i999bet.net/index9f0a.html]
[i999bet.net/index601c.html]
[i999bet.net/index9d56.html]
[i999bet.net/indexcdfb.html]
[i999bet.net/index3a3a.html]
[i999bet.net/indexe4af.html]
[i999bet.net/index80bc.html]
[i999bet.net/index1604.html]
[i999bet.net/index27a8.html]
[i999bet.net/index3dea.html]
[i999bet.net/index3dbf.html]
[i999bet.net/index3772.html]
[i999bet.net/index2cda.html]
[i999bet.net/indexd37c.html]
[i999bet.net/indexd626.html]
[i999bet.net/indexaeb5.html]
[i999bet.net/index52eb.html]
[i999bet.net/index4f6d.html]
[i999bet.net/indexda01.html]
[i999bet.net/indexcc2d.html]
[i999bet.net/index569f.html]
[i999bet.net/indexf4cd.html]
[i999bet.net/index3f04.html]
[i999bet.net/indexa800.html]
[i999bet.net/index3429.html]
[i999bet.net/index8b30.html]
[i999bet.net/indexd8f8.html]
[i999bet.net/indexa27d.html]
[i999bet.net/index31ae.html]
[i999bet.net/index7b07.html]
[i999bet.net/index7f70.html]
[i999bet.net/index23db.html]
[i999bet.net/index9928.html]
[i999bet.net/index63aa.html]
[i999bet.net/index9b52.html]
[i999bet.net/index115f.html]
